deployment.apps/created created
Waiting for deployment "created" rollout to finish: 0 of 3 updated replicas are available...
Waiting for deployment "created" rollout to finish: 1 of 3 updated replicas are available...
Waiting for deployment "created" rollout to finish: 2 of 3 updated replicas are available...
deployment "created" successfully rolled out
deployment.apps/update-demo patched
Waiting for deployment "update-demo" rollout to finish: 1 out of 4 new replicas have been updated...
Waiting for deployment "update-demo" rollout to finish: 1 out of 4 new replicas have been updated...
Waiting for deployment "update-demo" rollout to finish: 1 out of 4 new replicas have been updated...
Waiting for deployment "update-demo" rollout to finish: 2 out of 4 new replicas have been updated...
Waiting for deployment "update-demo" rollout to finish: 2 out of 4 new replicas have been updated...
Waiting for deployment "update-demo" rollout to finish: 2 out of 4 new replicas have been updated...
Waiting for deployment "update-demo" rollout to finish: 2 out of 4 new replicas have been updated...
Waiting for deployment "update-demo" rollout to finish: 3 out of 4 new replicas have been updated...
Waiting for deployment "update-demo" rollout to finish: 3 out of 4 new replicas have been updated...
Waiting for deployment "update-demo" rollout to finish: 3 out of 4 new replicas have been updated...
Waiting for deployment "update-demo" rollout to finish: 3 out of 4 new replicas have been updated...
Waiting for deployment "update-demo" rollout to finish: 1 old replicas are pending termination...
Waiting for deployment "update-demo" rollout to finish: 1 old replicas are pending termination...
Waiting for deployment "update-demo" rollout to finish: 1 old replicas are pending termination...
deployment "update-demo" successfully rolled out
deployment.apps/web 
REVISION  CHANGE-CAUSE
1         Working release
2         Broken release

deployment.apps/web patched
Waiting for deployment "web" rollout to finish: 0 out of 4 new replicas have been updated...
Waiting for deployment "web" rollout to finish: 2 out of 4 new replicas have been updated...
Waiting for deployment "web" rollout to finish: 2 out of 4 new replicas have been updated...
Waiting for deployment "web" rollout to finish: 2 out of 4 new replicas have been updated...
Waiting for deployment "web" rollout to finish: 2 out of 4 new replicas have been updated...
Waiting for deployment "web" rollout to finish: 2 out of 4 new replicas have been updated...
Waiting for deployment "web" rollout to finish: 2 out of 4 new replicas have been updated...
Waiting for deployment "web" rollout to finish: 2 out of 4 new replicas have been updated...
Waiting for deployment "web" rollout to finish: 3 out of 4 new replicas have been updated...
Waiting for deployment "web" rollout to finish: 1 old replicas are pending termination...
Waiting for deployment "web" rollout to finish: 1 old replicas are pending termination...
Waiting for deployment "web" rollout to finish: 1 old replicas are pending termination...
Waiting for deployment "web" rollout to finish: 1 old replicas are pending termination...
Waiting for deployment "web" rollout to finish: 1 old replicas are pending termination...
Waiting for deployment "web" rollout to finish: 3 of 4 updated replicas are available...
deployment "web" successfully rolled out
deployment.apps/web rolled back
Waiting for deployment "web" rollout to finish: 0 out of 4 new replicas have been updated...
Waiting for deployment "web" rollout to finish: 1 out of 4 new replicas have been updated...
Waiting for deployment "web" rollout to finish: 2 out of 4 new replicas have been updated...
Waiting for deployment "web" rollout to finish: 2 out of 4 new replicas have been updated...
Waiting for deployment "web" rollout to finish: 2 out of 4 new replicas have been updated...
Waiting for deployment "web" rollout to finish: 2 out of 4 new replicas have been updated...
Waiting for deployment "web" rollout to finish: 3 out of 4 new replicas have been updated...
Waiting for deployment "web" rollout to finish: 3 out of 4 new replicas have been updated...
Waiting for deployment "web" rollout to finish: 3 out of 4 new replicas have been updated...
Waiting for deployment "web" rollout to finish: 1 old replicas are pending termination...
Waiting for deployment "web" rollout to finish: 1 old replicas are pending termination...
Waiting for deployment "web" rollout to finish: 1 old replicas are pending termination...
Waiting for deployment "web" rollout to finish: 3 of 4 updated replicas are available...
deployment "web" successfully rolled out
