v4.1.4+g05fa379
namespace/book-cka-routing created
customresourcedefinition.apiextensions.k8s.io/backendtlspolicies.gateway.networking.k8s.io serverside-applied
customresourcedefinition.apiextensions.k8s.io/gatewayclasses.gateway.networking.k8s.io serverside-applied
customresourcedefinition.apiextensions.k8s.io/gateways.gateway.networking.k8s.io serverside-applied
customresourcedefinition.apiextensions.k8s.io/grpcroutes.gateway.networking.k8s.io serverside-applied
customresourcedefinition.apiextensions.k8s.io/httproutes.gateway.networking.k8s.io serverside-applied
customresourcedefinition.apiextensions.k8s.io/listenersets.gateway.networking.k8s.io serverside-applied
customresourcedefinition.apiextensions.k8s.io/referencegrants.gateway.networking.k8s.io serverside-applied
customresourcedefinition.apiextensions.k8s.io/tlsroutes.gateway.networking.k8s.io serverside-applied
validatingadmissionpolicy.admissionregistration.k8s.io/safe-upgrades.gateway.networking.k8s.io serverside-applied
validatingadmissionpolicybinding.admissionregistration.k8s.io/safe-upgrades.gateway.networking.k8s.io serverside-applied
"book-traefik" has been added to your repositories
Hang tight while we grab the latest from your chart repositories...
...Successfully got an update from the "book-traefik" chart repository
Update Complete. ⎈Happy Helming!⎈
Release "book-traefik" does not exist. Installing it now.
NAME: book-traefik
LAST DEPLOYED: Thu Oct  8 12:01:48 2026
NAMESPACE: book-cka-traefik
STATUS: deployed
REVISION: 1
DESCRIPTION: Install complete
TEST SUITE: None
NOTES:
book-traefik with docker.io/traefik:v3.7.13 has been deployed successfully on book-cka-traefik namespace!

⚠️ DEPRECATION WARNING: Gateway API CRDs will no longer be shipped with this chart in a future major version.
You will need to install them yourself before deploying Traefik v3.7:
  kubectl apply -f https://github.com/kubernetes-sigs/gateway-api/releases/download/v1.5.1/standard-install.yaml
Release "book-traefik" has been upgraded. Happy Helming!
NAME: book-traefik
LAST DEPLOYED: Thu Oct  8 12:02:42 2026
NAMESPACE: book-cka-traefik
STATUS: deployed
REVISION: 2
DESCRIPTION: Upgrade complete
TEST SUITE: None
NOTES:
book-traefik with docker.io/traefik:v3.7.13 has been deployed successfully on book-cka-traefik namespace!

⚠️ DEPRECATION WARNING: Gateway API CRDs will no longer be shipped with this chart in a future major version.
You will need to install them yourself before deploying Traefik v3.7:
  kubectl apply -f https://github.com/kubernetes-sigs/gateway-api/releases/download/v1.5.1/standard-install.yaml
gatewayclass.gateway.networking.k8s.io/lab-gateway created
gatewayclass.gateway.networking.k8s.io/lab-gateway condition met
..........+...........+...............+++++++++++++++++++++++++++++++++++++++*...+...+.....+...+....+..+...+.+......+.....+++++++++++++++++++++++++++++++++++++++*.+....+.....+.+.....+...+.+..+...+....+..+......+....+...+......+..+...............+....+.........+.....+.......+..+.+.....+....+......+...........+.+.....+....+.....+.+..+................+..+...+............+.......+..+......+.......+.....+...+....+.........+.....+.+......+.....+...+.+.....+.........+......+.+............+..+...+............++++++
.+.........+.+++++++++++++++++++++++++++++++++++++++*..+...+...+...............+.+......+........+................+++++++++++++++++++++++++++++++++++++++*..........+.........+...+..+.......+...........+...+.+........+.......+..............+.........+.+..+...+.+.....+......+...+....+.....................+..............+.+............+...+..+....+...+...+..+.+.....+...................+..+...+......+.....................+.+...+......+........+.+.........+.....+.......+.....+.+..+.......+...........+.......+..+...+...+....+...+..+....+.....+......+.+...+..+.......+.....++++++
-----
configmap/training-ca created
deployment.apps/web-gateway created
service/web-gateway created
deployment.apps/web-ingress created
service/web-ingress created
pod/client created
Waiting for deployment "web-gateway" rollout to finish: 0 of 2 updated replicas are available...
Waiting for deployment "web-gateway" rollout to finish: 1 of 2 updated replicas are available...
deployment "web-gateway" successfully rolled out
deployment "web-ingress" successfully rolled out
pod/client condition met
Ready: cka-14-gateway-ingress
