=== before1: exit 1; 0.17 seconds ===
FAIL: system:serviceaccount:book-cks-identity:reader get configmap/other in book-cks-identity: expected no, got yes (exit 0)

=== before2: exit 1; 0.15 seconds ===
FAIL: system:serviceaccount:book-cks-secrets:sam get secret/other in book-cks-secrets: expected no, got yes (exit 0)

=== before3: exit 1; 0.09 seconds ===
Error from server (NotFound): pods "consumer" not found
FAIL: Use the database Secret and disable token automount (missing or invalid JSON input)

=== before4: exit 1; 0.1 seconds ===
Traceback (most recent call last):
  File "<string>", line 1, in <module>
    import json,sys,base64,time; d=json.load(sys.stdin); assert len(d["users"])==1; u=d["users"][0]["user"]; assert set(u)=={"token"}; raw=u["token"].split(".")[1]; c=json.loads(base64.urlsafe_b64decode(raw+"="*(-len(raw)%4))); assert c["sub"]=="system:serviceaccount:book-cks-identity:reader"; assert c["kubernetes.io"]["namespace"]=="book-cks-identity"; assert c["kubernetes.io"]["serviceaccount"]["name"]=="reader"; assert 0<c["exp"]-c["iat"]<=660 and c["exp"]>time.time(); assert sys.argv[1] in c["aud"]
                                                                                                                                                                                                                                                                                                                                                                                                                                          ^^^^^^^^^^^^^^^^^^^^^^^^^^^^^^^^^^^^^^^^^^^^^^^^^
AssertionError

=== after1: exit 0; 0.88 seconds ===
deployment "worker" successfully rolled out
PASS: All checks passed for cks-04-serviceaccount
PASS: Step 1: Remove excess access and token mounts

=== after2: exit 0; 0.37 seconds ===
PASS: Step 2: Give Sam only the required permissions

=== after3: exit 0; 0.33 seconds ===
PASS: Step 3: Consume a Secret without mounting API credentials

=== after4: exit 0; 0.49 seconds ===
PASS: Step 4: Use a short-lived token with an isolated kubeconfig
